// Jest Snapshot v1, https://goo.gl/fbAQLP

exports[`matches snapshot 1`] = `
<div
  className="defaultMainButtonClass"
>
  <button
    className="DefaultButtonClass"
    data-testid="button"
    onClick={null}
  >
    DefaultButton
  </button>
</div>
`;
