// Jest Snapshot v1, https://goo.gl/fbAQLP

exports[`matches snapshot 1`] = `
<div
  className="DefaultFieldClass"
  data-testid="field"
>
  Field
  <input
    data-testid="inputfield"
    name="Field"
    onChange={[Function]}
    type="text"
    value=""
  />
</div>
`;
